// Vitest Snapshot v1, https://vitest.dev/guide/snapshot.html

exports[`renderHuman > matches snapshot for agents-bueno.md 1`] = `
"ruler  agents-bueno.md
C:\\Proyectos\\rulerlint\\test\\fixtures\\agents-bueno.md

score  79/100
8 rules · avg 6.8/10 · freshness OK
noise 5% · ~5 wasted tokens (87/92)

   1  ℹ  documentation — Project Agents
   7  ⚠  review  no_checkable
  11  ⚠  review  no_checkable

✖ 0   ⚠ 2   ℹ 1"
`;

exports[`renderHuman > matches snapshot for agents-vacio.md 1`] = `
"ruler  agents-vacio.md
C:\\Proyectos\\rulerlint\\test\\fixtures\\agents-vacio.md

score  0/100
0 rules · avg 0.0/10 · freshness OK
noise 100% · ~0 wasted tokens (0/0)

✖ 0   ⚠ 0   ℹ 0"
`;

exports[`renderHuman > matches snapshot for freshness-repo 1`] = `
"ruler  AGENTS.md
C:\\Proyectos\\rulerlint\\test\\fixtures\\freshness-repo\\AGENTS.md

score  64/100
6 rules · avg 7.3/10 · freshness 3 errors
noise 6% · ~3 wasted tokens (52/55)

   1  ℹ  documentation — Mini repo
   7  ⚠  review  no_checkable
   8  ✖  path not found: src/no-existo/  C:\\Proyectos\\rulerlint\\test\\fix…
   9  ✖  script not found: compilar  package.json scripts
  10  ✖  dependency not found: no-such-pkg  package.json dependencies/de…
  10  ⚠  review  no_checkable

✖ 3   ⚠ 2   ℹ 1"
`;
