// Vitest Snapshot v1, https://vitest.dev/guide/snapshot.html

exports[`renderHuman > matches snapshot for agents-bueno.md 1`] = `
"ruler  agents-bueno.md
C:\\Proyectos\\rulerlint\\test\\fixtures\\agents-bueno.md

score  79/100
8 reglas · avg 6.8/10 · freshness OK
ruido 5% · ~5 tokens ahorrables (87/92)

   1  ℹ  documentación — Project Agents
   7  ⚠  revisar  no_checkable
  11  ⚠  revisar  no_checkable

✖ 0   ⚠ 2   ℹ 1"
`;

exports[`renderHuman > matches snapshot for agents-vacio.md 1`] = `
"ruler  agents-vacio.md
C:\\Proyectos\\rulerlint\\test\\fixtures\\agents-vacio.md

score  0/100
0 reglas · avg 0.0/10 · freshness OK
ruido 100% · ~0 tokens ahorrables (0/0)

✖ 0   ⚠ 0   ℹ 0"
`;

exports[`renderHuman > matches snapshot for freshness-repo 1`] = `
"ruler  AGENTS.md
C:\\Proyectos\\rulerlint\\test\\fixtures\\freshness-repo\\AGENTS.md

score  64/100
6 reglas · avg 7.3/10 · freshness 3 errores
ruido 6% · ~3 tokens ahorrables (52/55)

   1  ℹ  documentación — Mini repo
   7  ⚠  revisar  no_checkable
   8  ✖  ruta no encontrada: src/no-existo/  C:\\Proyectos\\rulerlint\\test…
   9  ✖  script no encontrado: compilar  package.json scripts
  10  ✖  dependencia no encontrada: no-such-pkg  package.json dependenci…
  10  ⚠  revisar  no_checkable

✖ 3   ⚠ 2   ℹ 1"
`;
